Beyond Spatial Resolution - Run log
Started : 2026-08-10 17:52:41
------------------------------------------------------------

============================================================
  Beyond Spatial Resolution
  Agricultural Plastic Structures Mapping
============================================================

Initializing...

  Random state  : 2025
  Models        : CART, KNN, MLP, RF, SGDC, LinearSVC, SVC_rbf  (7 total)
  Experiments   : S2_4b, S2_Allb, PS_4b, PS_Allb
  Image classif.: disabled
  Figures       : enabled

Planned steps:
  [1] Load datasets
  [2] Run experiments  (4 exp × 7 model(s))
  [3] Generate figures

------------------------------------------------------------
[OK] Full-image classification disabled. Skipping imagery download.

[1/3] Loading datasets...
    [OK] Datasets loaded.

[2/3] Running experiments...

  + [1/4] S2_4b
  +- [1/7] CART          train 0.373s  valid 0.001s  classif -  [OK]
  +- [2/7] KNN           train 0.047s  valid 0.194s  classif -  [OK]
  +- [3/7] MLP           train 9.765s  valid 0.006s  classif -  [OK]
  +- [4/7] RF            train 5.586s  valid 0.052s  classif -  [OK]
  +- [5/7] SGDC          train 0.053s  valid 0.001s  classif -  [OK]
  +- [6/7] LinearSVC     train 0.066s  valid 0.000s  classif -  [OK]
  \- [7/7] SVC_rbf       train 1.281s  valid 1.183s  classif -  [OK]

  + [2/4] S2_Allb
  +- [1/7] CART          train 1.020s  valid 0.001s  classif -  [OK]
  +- [2/7] KNN           train 0.006s  valid 1.463s  classif -  [OK]
  +- [3/7] MLP           train 10.570s  valid 0.005s  classif -  [OK]
  +- [4/7] RF            train 9.565s  valid 0.051s  classif -  [OK]
  +- [5/7] SGDC          train 0.098s  valid 0.001s  classif -  [OK]
  +- [6/7] LinearSVC     train 0.183s  valid 0.001s  classif -  [OK]
  \- [7/7] SVC_rbf       train 1.147s  valid 1.144s  classif -  [OK]

  + [3/4] PS_4b
  +- [1/7] CART          train 0.273s  valid 0.001s  classif -  [OK]
  +- [2/7] KNN           train 0.048s  valid 0.219s  classif -  [OK]
  +- [3/7] MLP           train 8.735s  valid 0.005s  classif -  [OK]
  +- [4/7] RF            train 4.619s  valid 0.055s  classif -  [OK]
  +- [5/7] SGDC          train 0.057s  valid 0.000s  classif -  [OK]
  +- [6/7] LinearSVC     train 0.085s  valid 0.000s  classif -  [OK]
  \- [7/7] SVC_rbf       train 1.315s  valid 1.273s  classif -  [OK]

  + [4/4] PS_Allb
  +- [1/7] CART          train 0.566s  valid 0.001s  classif -  [OK]
  +- [2/7] KNN           train 0.006s  valid 0.258s  classif -  [OK]
  +- [3/7] MLP           train 12.346s  valid 0.005s  classif -  [OK]
  +- [4/7] RF            train 5.996s  valid 0.054s  classif -  [OK]
  +- [5/7] SGDC          train 0.079s  valid 0.001s  classif -  [OK]
  +- [6/7] LinearSVC     train 0.146s  valid 0.001s  classif -  [OK]
  \- [7/7] SVC_rbf       train 1.438s  valid 1.575s  classif -  [OK]

    [OK] All experiments complete.
      Results -> C:\Users\USP\vscode\capsule-7671752\results\model_results.xlsx

[3/3] Generating figures...
    [OK] Figures saved: Figure1, OA/Kappa bars, Satellite impact, Band impact, Scatter combined

============================================================
  [Success]  All done!  ->  C:\Users\USP\vscode\capsule-7671752\results
============================================================

------------------------------------------------------------
Ended : 2026-08-10 18:01:25
